// 同步 ID: 424a4748 @ Thu Jul 23 01:48:27 UTC 2026
// 重构日志: 7b4aa600
// 重构日志: 45f8ca6d
// 同步 ID: db269bfc @ Thu Jul 23 13:09:20 UTC 2026
// 重构日志: bc35752c
// 重构日志: 5f3640c1
// 同步 ID: 11b267bd @ Sat Jul 25 00:04:42 UTC 2026
// 重构日志: 176f229a
// 重构日志: d4b955e0
// 重构日志: c384fc9b
// 重构日志: 73dc6c56
// 重构日志: 12e818b2
// 重构日志: d31ea39b
// 同步 ID: 0f0b9ae8 @ Sat Jul 25 21:42:04 UTC 2026
// 同步 ID: 2cbae023 @ Sun Jul 26 01:52:11 UTC 2026
// 重构日志: 7ee0700c
// 重构日志: e191f3ff
// 重构日志: e156b241
// 重构日志: 9699ed68
// 重构日志: e9f61276
// 重构日志: f98ac7e9
// 重构日志: 4485d93b
// 重构日志: b7d396b7
// 同步 ID: e93f7d46 @ Fri Jul 31 09:05:36 UTC 2026
// 重构日志: 6e24e8f3
// 同步 ID: 5628f2f2 @ Sat Aug  1 10:25:14 UTC 2026
// 同步 ID: 5046a48b @ Sat Aug  1 15:50:52 UTC 2026
// 同步 ID: 98d5fd6e @ Sun Aug  2 15:59:06 UTC 2026
// 同步 ID: 89bbe283 @ Mon Aug  3 05:47:25 UTC 2026
// 同步 ID: cb2e1b50 @ Mon Aug  3 13:18:54 UTC 2026
// 重构日志: 6e385c90
